Downloading: "https://download.pytorch.org/models/mobilenet_v3_small-047dcff4.pth" to /Users/akshay.sharma/.cache/torch/hub/checkpoints/mobilenet_v3_small-047dcff4.pth
Traceback (most recent call last):
  File "/Users/akshay.sharma/Projects/paper-activities/studies/disaster-resolution-audit/experiments/code/run_mobilenet_operator_replication.py", line 373, in <module>
    main()
  File "/Users/akshay.sharma/Projects/paper-activities/studies/disaster-resolution-audit/experiments/code/run_mobilenet_operator_replication.py", line 342, in main
    model, best, checkpoint = train(
  File "/Users/akshay.sharma/Projects/paper-activities/studies/disaster-resolution-audit/experiments/code/run_mobilenet_operator_replication.py", line 134, in train
    model = build_model().to(device)
  File "/Users/akshay.sharma/Projects/paper-activities/studies/disaster-resolution-audit/experiments/code/run_mobilenet_operator_replication.py", line 107, in build_model
    model = models.mobilenet_v3_small(
  File "/Users/akshay.sharma/Projects/AI_Disaster_IEEE/.venv/lib/python3.10/site-packages/torchvision/models/_utils.py", line 142, in wrapper
    return fn(*args, **kwargs)
  File "/Users/akshay.sharma/Projects/AI_Disaster_IEEE/.venv/lib/python3.10/site-packages/torchvision/models/_utils.py", line 228, in inner_wrapper
    return builder(*args, **kwargs)
  File "/Users/akshay.sharma/Projects/AI_Disaster_IEEE/.venv/lib/python3.10/site-packages/torchvision/models/mobilenetv3.py", line 424, in mobilenet_v3_small
    return _mobilenet_v3(inverted_residual_setting, last_channel, weights, progress, **kwargs)
  File "/Users/akshay.sharma/Projects/AI_Disaster_IEEE/.venv/lib/python3.10/site-packages/torchvision/models/mobilenetv3.py", line 286, in _mobilenet_v3
    model.load_state_dict(weights.get_state_dict(progress=progress, check_hash=True))
  File "/Users/akshay.sharma/Projects/AI_Disaster_IEEE/.venv/lib/python3.10/site-packages/torchvision/models/_api.py", line 91, in get_state_dict
    return load_state_dict_from_url(self.url, *args, **kwargs)
  File "/Users/akshay.sharma/Projects/AI_Disaster_IEEE/.venv/lib/python3.10/site-packages/torch/hub.py", line 894, in load_state_dict_from_url
    download_url_to_file(url, cached_file, hash_prefix, progress=progress)
  File "/Users/akshay.sharma/Projects/AI_Disaster_IEEE/.venv/lib/python3.10/site-packages/torch/hub.py", line 749, in download_url_to_file
    with urlopen(req) as u:
  File "/opt/homebrew/Cellar/python@3.10/3.10.20_4/Frameworks/Python.framework/Versions/3.10/lib/python3.10/urllib/request.py", line 216, in urlopen
    return opener.open(url, data, timeout)
  File "/opt/homebrew/Cellar/python@3.10/3.10.20_4/Frameworks/Python.framework/Versions/3.10/lib/python3.10/urllib/request.py", line 525, in open
    response = meth(req, response)
  File "/opt/homebrew/Cellar/python@3.10/3.10.20_4/Frameworks/Python.framework/Versions/3.10/lib/python3.10/urllib/request.py", line 634, in http_response
    response = self.parent.error(
  File "/opt/homebrew/Cellar/python@3.10/3.10.20_4/Frameworks/Python.framework/Versions/3.10/lib/python3.10/urllib/request.py", line 563, in error
    return self._call_chain(*args)
  File "/opt/homebrew/Cellar/python@3.10/3.10.20_4/Frameworks/Python.framework/Versions/3.10/lib/python3.10/urllib/request.py", line 496, in _call_chain
    result = func(*args)
  File "/opt/homebrew/Cellar/python@3.10/3.10.20_4/Frameworks/Python.framework/Versions/3.10/lib/python3.10/urllib/request.py", line 643, in http_error_default
    raise HTTPError(req.full_url, code, msg, hdrs, fp)
urllib.error.HTTPError: HTTP Error 503: Service Unavailable
