note: Running TeX ...
warning: sections/method:97: Overfull \hbox (2.27359pt too wide) in paragraph at lines 92--97
warning: sections/experimental-setup:15: Underfull \hbox (badness 10000) in paragraph at lines 5--15
warning: sections/experimental-setup:15: Underfull \hbox (badness 5787) in paragraph at lines 5--15
warning: sections/experimental-setup:15: Underfull \hbox (badness 10000) in paragraph at lines 5--15
warning: sections/experimental-setup:15: Underfull \hbox (badness 2020) in paragraph at lines 5--15
warning: sections/experimental-setup:15: Underfull \hbox (badness 10000) in paragraph at lines 5--15
warning: sections/experimental-setup:15: Underfull \hbox (badness 5504) in paragraph at lines 5--15
warning: sections/experimental-setup:15: Underfull \hbox (badness 3302) in paragraph at lines 5--15
warning: sections/experimental-setup:15: Underfull \hbox (badness 6047) in paragraph at lines 5--15
warning: main.bbl:13: Underfull \hbox (badness 10000) in paragraph at lines 8--13
warning: main.bbl:13: Underfull \hbox (badness 10000) in paragraph at lines 8--13
warning: main.bbl:44: Underfull \hbox (badness 6510) in paragraph at lines 40--44
warning: main.bbl:44: Underfull \hbox (badness 2951) in paragraph at lines 40--44
warning: main.bbl:44: Underfull \hbox (badness 2050) in paragraph at lines 40--44
warning: main.bbl:58: Underfull \hbox (badness 1968) in paragraph at lines 53--58
warning: main.bbl:58: Underfull \hbox (badness 1337) in paragraph at lines 53--58
warning: main.bbl:65: Underfull \hbox (badness 4954) in paragraph at lines 60--65
warning: main.bbl:65: Underfull \hbox (badness 3989) in paragraph at lines 60--65
warning: main.bbl:65: Underfull \hbox (badness 2726) in paragraph at lines 60--65
warning: main.bbl:65: Underfull \hbox (badness 1796) in paragraph at lines 60--65
warning: main.bbl:81: Underfull \hbox (badness 3769) in paragraph at lines 78--81
warning: main.bbl:106: Underfull \hbox (badness 4454) in paragraph at lines 101--106
warning: main.bbl:106: Underfull \hbox (badness 5203) in paragraph at lines 101--106
warning: main.bbl:106: Underfull \hbox (badness 10000) in paragraph at lines 101--106
warning: main.bbl:106: Underfull \hbox (badness 10000) in paragraph at lines 101--106
note: Running BibTeX on main.aux ...
note: Rerunning TeX because bibtex was run ...
warning: sections/method:97: Overfull \hbox (2.27359pt too wide) in paragraph at lines 92--97
warning: sections/experimental-setup:15: Underfull \hbox (badness 10000) in paragraph at lines 5--15
warning: sections/experimental-setup:15: Underfull \hbox (badness 5787) in paragraph at lines 5--15
warning: sections/experimental-setup:15: Underfull \hbox (badness 10000) in paragraph at lines 5--15
warning: sections/experimental-setup:15: Underfull \hbox (badness 2020) in paragraph at lines 5--15
warning: sections/experimental-setup:15: Underfull \hbox (badness 10000) in paragraph at lines 5--15
warning: sections/experimental-setup:15: Underfull \hbox (badness 5504) in paragraph at lines 5--15
warning: sections/experimental-setup:15: Underfull \hbox (badness 3302) in paragraph at lines 5--15
warning: sections/experimental-setup:15: Underfull \hbox (badness 6047) in paragraph at lines 5--15
warning: main.bbl:13: Underfull \hbox (badness 10000) in paragraph at lines 8--13
warning: main.bbl:13: Underfull \hbox (badness 10000) in paragraph at lines 8--13
warning: main.bbl:44: Underfull \hbox (badness 6510) in paragraph at lines 40--44
warning: main.bbl:44: Underfull \hbox (badness 2951) in paragraph at lines 40--44
warning: main.bbl:44: Underfull \hbox (badness 2050) in paragraph at lines 40--44
warning: main.bbl:58: Underfull \hbox (badness 1968) in paragraph at lines 53--58
warning: main.bbl:58: Underfull \hbox (badness 1337) in paragraph at lines 53--58
warning: main.bbl:65: Underfull \hbox (badness 4954) in paragraph at lines 60--65
warning: main.bbl:65: Underfull \hbox (badness 3989) in paragraph at lines 60--65
warning: main.bbl:65: Underfull \hbox (badness 2726) in paragraph at lines 60--65
warning: main.bbl:65: Underfull \hbox (badness 1796) in paragraph at lines 60--65
warning: main.bbl:81: Underfull \hbox (badness 3769) in paragraph at lines 78--81
warning: main.bbl:106: Underfull \hbox (badness 4454) in paragraph at lines 101--106
warning: main.bbl:106: Underfull \hbox (badness 5203) in paragraph at lines 101--106
warning: main.bbl:106: Underfull \hbox (badness 10000) in paragraph at lines 101--106
warning: main.bbl:106: Underfull \hbox (badness 10000) in paragraph at lines 101--106
warning: warnings were issued by the TeX engine; use --print and/or --keep-logs for details.
note: Running xdvipdfmx ...
note: Writing `main.blg` (191 B)
note: Writing `main.aux` (10.1640625 KiB)
note: Writing `main.log` (19.181640625 KiB)
note: Writing `main.pdf` (148.314453125 KiB)
note: Writing `main.out` (4.359375 KiB)
note: Writing `main.bbl` (5.5185546875 KiB)
